#
# There is insufficient memory for the Java Runtime Environment to continue.
# Native memory allocation (malloc) failed to allocate 264016 bytes for Chunk::new
# Possible reasons:
#   The system is out of physical RAM or swap space
#   The process is running with CompressedOops enabled, and the Java Heap may be blocking the growth of the native heap
# Possible solutions:
#   Reduce memory load on the system
#   Increase physical memory or swap space
#   Check if swap backing store is full
#   Decrease Java heap size (-Xmx/-Xms)
#   Decrease number of Java threads
#   Decrease Java thread stack sizes (-Xss)
#   Set larger code cache with -XX:ReservedCodeCacheSize=
#   JVM is running with Zero Based Compressed Oops mode in which the Java heap is
#     placed in the first 32GB address space. The Java Heap base address is the
#     maximum limit for the native heap growth. Please use -XX:HeapBaseMinAddress
#     to set the Java Heap base and to place the Java Heap above 32GB virtual address.
# This output file may be truncated or incomplete.
#
#  Out of Memory Error (arena.cpp:168), pid=18048, tid=7380
#
# JRE version: Java(TM) SE Runtime Environment (21.0.5+9) (build 21.0.5+9-LTS-239)
# Java VM: Java HotSpot(TM) 64-Bit Server VM (21.0.5+9-LTS-239, mixed mode, sharing, tiered, compressed oops, compressed class ptrs, g1 gc, windows-amd64)
# No core dump will be written. Minidumps are not enabled by default on client versions of Windows
#

---------------  S U M M A R Y ------------

Command Line: --enable-native-access=ALL-UNNAMED -Dclassworlds.conf=C:\Users\hamza\Downloads\apache-maven-3.9.11\bin\m2.conf -Dmaven.home=C:\Users\hamza\Downloads\apache-maven-3.9.11 -Dlibrary.jansi.path=C:\Users\hamza\Downloads\apache-maven-3.9.11\lib\jansi-native -Dmaven.multiModuleProjectDirectory=C:\Users\hamza\IdeaProjects\Badger\app\services\tp-orchestration\membership org.codehaus.plexus.classworlds.launcher.Launcher clean spring-boot:run

Host: Intel(R) Core(TM) i5-10210U CPU @ 1.60GHz, 8 cores, 15G,  Windows 11 , 64 bit Build 26100 (10.0.26100.7309)
Time: Sun Jan 11 18:54:47 2026 Paris, Madrid elapsed time: 5.505788 seconds (0d 0h 0m 5s)

---------------  T H R E A D  ---------------

Current thread (0x000001caf54f19b0):  JavaThread "C2 CompilerThread2" daemon [_thread_in_native, id=7380, stack(0x0000000102100000,0x0000000102200000) (1024K)]


Current CompileTask:
C2:   5505 3250       4       org.codehaus.plexus.util.xml.pull.MXParser::getText (125 bytes)

Stack: [0x0000000102100000,0x0000000102200000]
Native frames: (J=compiled Java code, j=interpreted, Vv=VM code, C=native code)
V  [jvm.dll+0x6ca289]
V  [jvm.dll+0x854a51]
V  [jvm.dll+0x856f7e]
V  [jvm.dll+0x857653]
V  [jvm.dll+0x27dd26]
V  [jvm.dll+0xc4c2d]
V  [jvm.dll+0xc5163]
V  [jvm.dll+0x3b4d3c]
V  [jvm.dll+0x3814b5]
V  [jvm.dll+0x38092a]
V  [jvm.dll+0x246910]
V  [jvm.dll+0x245eef]
V  [jvm.dll+0x1c6d0e]
V  [jvm.dll+0x2554d9]
V  [jvm.dll+0x253a6a]
V  [jvm.dll+0x3ee136]
V  [jvm.dll+0x7fee9b]
V  [jvm.dll+0x6c896d]
C  [ucrtbase.dll+0x37b0]
C  [KERNEL32.DLL+0x2e8d7]
C  [ntdll.dll+0x8c53c]


---------------  P R O C E S S  ---------------

Threads class SMR info:
_java_thread_list=0x000001caf541c210, length=14, elements={
0x000001cad0d29390, 0x000001caefe1b130, 0x000001caefe1d7a0, 0x000001caefe22230,
0x000001caefe22c40, 0x000001caefe2f2c0, 0x000001caefe31a60, 0x000001caefe323f0,
0x000001caefe361f0, 0x000001caf4172200, 0x000001caf4185710, 0x000001caf4f27ab0,
0x000001caf53e1190, 0x000001caf54f19b0
}

Java Threads: ( => current thread )
  0x000001cad0d29390 JavaThread "main"                              [_thread_in_vm, id=23504, stack(0x0000000100600000,0x0000000100700000) (1024K)]
  0x000001caefe1b130 JavaThread "Reference Handler"          daemon [_thread_blocked, id=19292, stack(0x0000000100e00000,0x0000000100f00000) (1024K)]
  0x000001caefe1d7a0 JavaThread "Finalizer"                  daemon [_thread_blocked, id=22392, stack(0x0000000100f00000,0x0000000101000000) (1024K)]
  0x000001caefe22230 JavaThread "Signal Dispatcher"          daemon [_thread_blocked, id=3272, stack(0x0000000101000000,0x0000000101100000) (1024K)]
  0x000001caefe22c40 JavaThread "Attach Listener"            daemon [_thread_blocked, id=17192, stack(0x0000000101100000,0x0000000101200000) (1024K)]
  0x000001caefe2f2c0 JavaThread "Service Thread"             daemon [_thread_blocked, id=7820, stack(0x0000000101200000,0x0000000101300000) (1024K)]
  0x000001caefe31a60 JavaThread "Monitor Deflation Thread"   daemon [_thread_blocked, id=19488, stack(0x0000000101300000,0x0000000101400000) (1024K)]
  0x000001caefe323f0 JavaThread "C2 CompilerThread0"         daemon [_thread_in_native, id=7900, stack(0x0000000101400000,0x0000000101500000) (1024K)]
  0x000001caefe361f0 JavaThread "C1 CompilerThread0"         daemon [_thread_blocked, id=2092, stack(0x0000000101500000,0x0000000101600000) (1024K)]
  0x000001caf4172200 JavaThread "Notification Thread"        daemon [_thread_blocked, id=20116, stack(0x0000000101600000,0x0000000101700000) (1024K)]
  0x000001caf4185710 JavaThread "Common-Cleaner"             daemon [_thread_blocked, id=14684, stack(0x0000000101700000,0x0000000101800000) (1024K)]
  0x000001caf4f27ab0 JavaThread "C2 CompilerThread1"         daemon [_thread_in_native, id=21968, stack(0x0000000101800000,0x0000000101900000) (1024K)]
  0x000001caf53e1190 JavaThread "Thread-1"                   daemon [_thread_blocked, id=20840, stack(0x0000000101900000,0x0000000101a00000) (1024K)]
=>0x000001caf54f19b0 JavaThread "C2 CompilerThread2"         daemon [_thread_in_native, id=7380, stack(0x0000000102100000,0x0000000102200000) (1024K)]
Total: 14

Other Threads:
  0x000001caefdfadb0 VMThread "VM Thread"                           [id=4204, stack(0x0000000100d00000,0x0000000100e00000) (1024K)]
  0x000001caefde8450 WatcherThread "VM Periodic Task Thread"        [id=22160, stack(0x0000000100c00000,0x0000000100d00000) (1024K)]
  0x000001cad0d8ec00 WorkerThread "GC Thread#0"                     [id=24452, stack(0x0000000100700000,0x0000000100800000) (1024K)]
  0x000001caf4df4050 WorkerThread "GC Thread#1"                     [id=3004, stack(0x0000000101a00000,0x0000000101b00000) (1024K)]
  0x000001caf4df43f0 WorkerThread "GC Thread#2"                     [id=11432, stack(0x0000000101b00000,0x0000000101c00000) (1024K)]
  0x000001caf4ebfd30 WorkerThread "GC Thread#3"                     [id=12748, stack(0x0000000101c00000,0x0000000101d00000) (1024K)]
  0x000001caf4ec00d0 WorkerThread "GC Thread#4"                     [id=8744, stack(0x0000000101d00000,0x0000000101e00000) (1024K)]
  0x000001caf4ec0470 WorkerThread "GC Thread#5"                     [id=24332, stack(0x0000000101e00000,0x0000000101f00000) (1024K)]
  0x000001caf50c8bf0 WorkerThread "GC Thread#6"                     [id=22084, stack(0x0000000101f00000,0x0000000102000000) (1024K)]
  0x000001caf50c9810 WorkerThread "GC Thread#7"                     [id=13844, stack(0x0000000102000000,0x0000000102100000) (1024K)]
  0x000001cad0da01b0 ConcurrentGCThread "G1 Main Marker"            [id=14668, stack(0x0000000100800000,0x0000000100900000) (1024K)]
  0x000001cad0da2880 WorkerThread "G1 Conc#0"                       [id=15116, stack(0x0000000100900000,0x0000000100a00000) (1024K)]
  0x000001cad0dee430 ConcurrentGCThread "G1 Refine#0"               [id=2020, stack(0x0000000100a00000,0x0000000100b00000) (1024K)]
  0x000001cad0dee960 ConcurrentGCThread "G1 Service"                [id=3064, stack(0x0000000100b00000,0x0000000100c00000) (1024K)]
Total: 14

Threads with active compile tasks:
C2 CompilerThread0     5551 3251       4       java.lang.String::<init> (74 bytes)
C2 CompilerThread1     5551 3262   !   4       org.apache.maven.model.Dependency::clone (137 bytes)
C2 CompilerThread2     5551 3250       4       org.codehaus.plexus.util.xml.pull.MXParser::getText (125 bytes)
Total: 3

VM state: not at safepoint (normal execution)

VM Mutex/Monitor currently owned by a thread:  ([mutex/lock_event])
[0x00007ffd42209e18] Metaspace_lock - owner thread: 0x000001cad0d29390

Heap address: 0x0000000703a00000, size: 4038 MB, Compressed Oops mode: Zero based, Oop shift amount: 3

CDS archive(s) mapped at: [0x000001ca80000000-0x000001ca80c90000-0x000001ca80c90000), size 13172736, SharedBaseAddress: 0x000001ca80000000, ArchiveRelocationMode: 1.
Compressed class space mapped at: 0x000001ca81000000-0x000001cac1000000, reserved size: 1073741824
Narrow klass base: 0x000001ca80000000, Narrow klass shift: 0, Narrow klass range: 0x100000000

GC Precious Log:
 CardTable entry size: 512
 Card Set container configuration: InlinePtr #cards 4 size 8 Array Of Cards #cards 16 size 48 Howl #buckets 8 coarsen threshold 3686 Howl Bitmap #cards 512 size 80 coarsen threshold 460 Card regions per heap region 1 cards per card region 4096
 CPUs: 8 total, 8 available
 Memory: 16144M
 Large Page Support: Disabled
 NUMA Support: Disabled
 Compressed Oops: Enabled (Zero based)
 Heap Region Size: 2M
 Heap Min Capacity: 8M
 Heap Initial Capacity: 254M
 Heap Max Capacity: 4038M
 Pre-touch: Disabled
 Parallel Workers: 8
 Concurrent Workers: 2
 Concurrent Refinement Workers: 8
 Periodic GC: Disabled

Heap:
 garbage-first heap   total 260096K, used 48494K [0x0000000703a00000, 0x0000000800000000)
  region size 2048K, 23 young (47104K), 1 survivors (2048K)
 Metaspace       used 15159K, committed 15360K, reserved 1114112K
  class space    used 1775K, committed 1856K, reserved 1048576K

Heap Regions: E=young(eden), S=young(survivor), O=old, HS=humongous(starts), HC=humongous(continues), CS=collection set, F=free, TAMS=top-at-mark-start, PB=parsable bottom
|   0|0x0000000703a00000, 0x0000000703c00000, 0x0000000703c00000|100%| O|  |TAMS 0x0000000703a00000| PB 0x0000000703a00000| Untracked 
|   1|0x0000000703c00000, 0x0000000703d85140, 0x0000000703e00000| 75%| O|  |TAMS 0x0000000703c00000| PB 0x0000000703c00000| Untracked 
|   2|0x0000000703e00000, 0x0000000703e00000, 0x0000000704000000|  0%| F|  |TAMS 0x0000000703e00000| PB 0x0000000703e00000| Untracked 
|   3|0x0000000704000000, 0x0000000704000000, 0x0000000704200000|  0%| F|  |TAMS 0x0000000704000000| PB 0x0000000704000000| Untracked 
|   4|0x0000000704200000, 0x0000000704200000, 0x0000000704400000|  0%| F|  |TAMS 0x0000000704200000| PB 0x0000000704200000| Untracked 
|   5|0x0000000704400000, 0x0000000704400000, 0x0000000704600000|  0%| F|  |TAMS 0x0000000704400000| PB 0x0000000704400000| Untracked 
|   6|0x0000000704600000, 0x0000000704600000, 0x0000000704800000|  0%| F|  |TAMS 0x0000000704600000| PB 0x0000000704600000| Untracked 
|   7|0x0000000704800000, 0x0000000704800000, 0x0000000704a00000|  0%| F|  |TAMS 0x0000000704800000| PB 0x0000000704800000| Untracked 
|   8|0x0000000704a00000, 0x0000000704a00000, 0x0000000704c00000|  0%| F|  |TAMS 0x0000000704a00000| PB 0x0000000704a00000| Untracked 
|   9|0x0000000704c00000, 0x0000000704c00000, 0x0000000704e00000|  0%| F|  |TAMS 0x0000000704c00000| PB 0x0000000704c00000| Untracked 
|  10|0x0000000704e00000, 0x0000000704e00000, 0x0000000705000000|  0%| F|  |TAMS 0x0000000704e00000| PB 0x0000000704e00000| Untracked 
|  11|0x0000000705000000, 0x0000000705000000, 0x0000000705200000|  0%| F|  |TAMS 0x0000000705000000| PB 0x0000000705000000| Untracked 
|  12|0x0000000705200000, 0x0000000705200000, 0x0000000705400000|  0%| F|  |TAMS 0x0000000705200000| PB 0x0000000705200000| Untracked 
|  13|0x0000000705400000, 0x0000000705400000, 0x0000000705600000|  0%| F|  |TAMS 0x0000000705400000| PB 0x0000000705400000| Untracked 
|  14|0x0000000705600000, 0x0000000705600000, 0x0000000705800000|  0%| F|  |TAMS 0x0000000705600000| PB 0x0000000705600000| Untracked 
|  15|0x0000000705800000, 0x0000000705800000, 0x0000000705a00000|  0%| F|  |TAMS 0x0000000705800000| PB 0x0000000705800000| Untracked 
|  16|0x0000000705a00000, 0x0000000705a00000, 0x0000000705c00000|  0%| F|  |TAMS 0x0000000705a00000| PB 0x0000000705a00000| Untracked 
|  17|0x0000000705c00000, 0x0000000705c00000, 0x0000000705e00000|  0%| F|  |TAMS 0x0000000705c00000| PB 0x0000000705c00000| Untracked 
|  18|0x0000000705e00000, 0x0000000705e00000, 0x0000000706000000|  0%| F|  |TAMS 0x0000000705e00000| PB 0x0000000705e00000| Untracked 
|  19|0x0000000706000000, 0x0000000706000000, 0x0000000706200000|  0%| F|  |TAMS 0x0000000706000000| PB 0x0000000706000000| Untracked 
|  20|0x0000000706200000, 0x0000000706200000, 0x0000000706400000|  0%| F|  |TAMS 0x0000000706200000| PB 0x0000000706200000| Untracked 
|  21|0x0000000706400000, 0x0000000706400000, 0x0000000706600000|  0%| F|  |TAMS 0x0000000706400000| PB 0x0000000706400000| Untracked 
|  22|0x0000000706600000, 0x0000000706600000, 0x0000000706800000|  0%| F|  |TAMS 0x0000000706600000| PB 0x0000000706600000| Untracked 
|  23|0x0000000706800000, 0x0000000706800000, 0x0000000706a00000|  0%| F|  |TAMS 0x0000000706800000| PB 0x0000000706800000| Untracked 
|  24|0x0000000706a00000, 0x0000000706a00000, 0x0000000706c00000|  0%| F|  |TAMS 0x0000000706a00000| PB 0x0000000706a00000| Untracked 
|  25|0x0000000706c00000, 0x0000000706c00000, 0x0000000706e00000|  0%| F|  |TAMS 0x0000000706c00000| PB 0x0000000706c00000| Untracked 
|  26|0x0000000706e00000, 0x0000000706e00000, 0x0000000707000000|  0%| F|  |TAMS 0x0000000706e00000| PB 0x0000000706e00000| Untracked 
|  27|0x0000000707000000, 0x0000000707000000, 0x0000000707200000|  0%| F|  |TAMS 0x0000000707000000| PB 0x0000000707000000| Untracked 
|  28|0x0000000707200000, 0x0000000707200000, 0x0000000707400000|  0%| F|  |TAMS 0x0000000707200000| PB 0x0000000707200000| Untracked 
|  29|0x0000000707400000, 0x0000000707400000, 0x0000000707600000|  0%| F|  |TAMS 0x0000000707400000| PB 0x0000000707400000| Untracked 
|  30|0x0000000707600000, 0x0000000707600000, 0x0000000707800000|  0%| F|  |TAMS 0x0000000707600000| PB 0x0000000707600000| Untracked 
|  31|0x0000000707800000, 0x0000000707800000, 0x0000000707a00000|  0%| F|  |TAMS 0x0000000707800000| PB 0x0000000707800000| Untracked 
|  32|0x0000000707a00000, 0x0000000707a00000, 0x0000000707c00000|  0%| F|  |TAMS 0x0000000707a00000| PB 0x0000000707a00000| Untracked 
|  33|0x0000000707c00000, 0x0000000707c00000, 0x0000000707e00000|  0%| F|  |TAMS 0x0000000707c00000| PB 0x0000000707c00000| Untracked 
|  34|0x0000000707e00000, 0x0000000707e00000, 0x0000000708000000|  0%| F|  |TAMS 0x0000000707e00000| PB 0x0000000707e00000| Untracked 
|  35|0x0000000708000000, 0x0000000708000000, 0x0000000708200000|  0%| F|  |TAMS 0x0000000708000000| PB 0x0000000708000000| Untracked 
|  36|0x0000000708200000, 0x0000000708200000, 0x0000000708400000|  0%| F|  |TAMS 0x0000000708200000| PB 0x0000000708200000| Untracked 
|  37|0x0000000708400000, 0x0000000708400000, 0x0000000708600000|  0%| F|  |TAMS 0x0000000708400000| PB 0x0000000708400000| Untracked 
|  38|0x0000000708600000, 0x0000000708600000, 0x0000000708800000|  0%| F|  |TAMS 0x0000000708600000| PB 0x0000000708600000| Untracked 
|  39|0x0000000708800000, 0x0000000708800000, 0x0000000708a00000|  0%| F|  |TAMS 0x0000000708800000| PB 0x0000000708800000| Untracked 
|  40|0x0000000708a00000, 0x0000000708a00000, 0x0000000708c00000|  0%| F|  |TAMS 0x0000000708a00000| PB 0x0000000708a00000| Untracked 
|  41|0x0000000708c00000, 0x0000000708c00000, 0x0000000708e00000|  0%| F|  |TAMS 0x0000000708c00000| PB 0x0000000708c00000| Untracked 
|  42|0x0000000708e00000, 0x0000000708e00000, 0x0000000709000000|  0%| F|  |TAMS 0x0000000708e00000| PB 0x0000000708e00000| Untracked 
|  43|0x0000000709000000, 0x0000000709000000, 0x0000000709200000|  0%| F|  |TAMS 0x0000000709000000| PB 0x0000000709000000| Untracked 
|  44|0x0000000709200000, 0x0000000709200000, 0x0000000709400000|  0%| F|  |TAMS 0x0000000709200000| PB 0x0000000709200000| Untracked 
|  45|0x0000000709400000, 0x0000000709400000, 0x0000000709600000|  0%| F|  |TAMS 0x0000000709400000| PB 0x0000000709400000| Untracked 
|  46|0x0000000709600000, 0x0000000709600000, 0x0000000709800000|  0%| F|  |TAMS 0x0000000709600000| PB 0x0000000709600000| Untracked 
|  47|0x0000000709800000, 0x0000000709800000, 0x0000000709a00000|  0%| F|  |TAMS 0x0000000709800000| PB 0x0000000709800000| Untracked 
|  48|0x0000000709a00000, 0x0000000709a00000, 0x0000000709c00000|  0%| F|  |TAMS 0x0000000709a00000| PB 0x0000000709a00000| Untracked 
|  49|0x0000000709c00000, 0x0000000709c00000, 0x0000000709e00000|  0%| F|  |TAMS 0x0000000709c00000| PB 0x0000000709c00000| Untracked 
|  50|0x0000000709e00000, 0x0000000709e00000, 0x000000070a000000|  0%| F|  |TAMS 0x0000000709e00000| PB 0x0000000709e00000| Untracked 
|  51|0x000000070a000000, 0x000000070a000000, 0x000000070a200000|  0%| F|  |TAMS 0x000000070a000000| PB 0x000000070a000000| Untracked 
|  52|0x000000070a200000, 0x000000070a200000, 0x000000070a400000|  0%| F|  |TAMS 0x000000070a200000| PB 0x000000070a200000| Untracked 
|  53|0x000000070a400000, 0x000000070a400000, 0x000000070a600000|  0%| F|  |TAMS 0x000000070a400000| PB 0x000000070a400000| Untracked 
|  54|0x000000070a600000, 0x000000070a600000, 0x000000070a800000|  0%| F|  |TAMS 0x000000070a600000| PB 0x000000070a600000| Untracked 
|  55|0x000000070a800000, 0x000000070a800000, 0x000000070aa00000|  0%| F|  |TAMS 0x000000070a800000| PB 0x000000070a800000| Untracked 
|  56|0x000000070aa00000, 0x000000070aa00000, 0x000000070ac00000|  0%| F|  |TAMS 0x000000070aa00000| PB 0x000000070aa00000| Untracked 
|  57|0x000000070ac00000, 0x000000070ac00000, 0x000000070ae00000|  0%| F|  |TAMS 0x000000070ac00000| PB 0x000000070ac00000| Untracked 
|  58|0x000000070ae00000, 0x000000070ae00000, 0x000000070b000000|  0%| F|  |TAMS 0x000000070ae00000| PB 0x000000070ae00000| Untracked 
|  59|0x000000070b000000, 0x000000070b000000, 0x000000070b200000|  0%| F|  |TAMS 0x000000070b000000| PB 0x000000070b000000| Untracked 
|  60|0x000000070b200000, 0x000000070b200000, 0x000000070b400000|  0%| F|  |TAMS 0x000000070b200000| PB 0x000000070b200000| Untracked 
|  61|0x000000070b400000, 0x000000070b400000, 0x000000070b600000|  0%| F|  |TAMS 0x000000070b400000| PB 0x000000070b400000| Untracked 
|  62|0x000000070b600000, 0x000000070b600000, 0x000000070b800000|  0%| F|  |TAMS 0x000000070b600000| PB 0x000000070b600000| Untracked 
|  63|0x000000070b800000, 0x000000070b800000, 0x000000070ba00000|  0%| F|  |TAMS 0x000000070b800000| PB 0x000000070b800000| Untracked 
|  64|0x000000070ba00000, 0x000000070ba00000, 0x000000070bc00000|  0%| F|  |TAMS 0x000000070ba00000| PB 0x000000070ba00000| Untracked 
|  65|0x000000070bc00000, 0x000000070bc00000, 0x000000070be00000|  0%| F|  |TAMS 0x000000070bc00000| PB 0x000000070bc00000| Untracked 
|  66|0x000000070be00000, 0x000000070be00000, 0x000000070c000000|  0%| F|  |TAMS 0x000000070be00000| PB 0x000000070be00000| Untracked 
|  67|0x000000070c000000, 0x000000070c000000, 0x000000070c200000|  0%| F|  |TAMS 0x000000070c000000| PB 0x000000070c000000| Untracked 
|  68|0x000000070c200000, 0x000000070c200000, 0x000000070c400000|  0%| F|  |TAMS 0x000000070c200000| PB 0x000000070c200000| Untracked 
|  69|0x000000070c400000, 0x000000070c400000, 0x000000070c600000|  0%| F|  |TAMS 0x000000070c400000| PB 0x000000070c400000| Untracked 
|  70|0x000000070c600000, 0x000000070c600000, 0x000000070c800000|  0%| F|  |TAMS 0x000000070c600000| PB 0x000000070c600000| Untracked 
|  71|0x000000070c800000, 0x000000070c800000, 0x000000070ca00000|  0%| F|  |TAMS 0x000000070c800000| PB 0x000000070c800000| Untracked 
|  72|0x000000070ca00000, 0x000000070ca00000, 0x000000070cc00000|  0%| F|  |TAMS 0x000000070ca00000| PB 0x000000070ca00000| Untracked 
|  73|0x000000070cc00000, 0x000000070cc00000, 0x000000070ce00000|  0%| F|  |TAMS 0x000000070cc00000| PB 0x000000070cc00000| Untracked 
|  74|0x000000070ce00000, 0x000000070ce00000, 0x000000070d000000|  0%| F|  |TAMS 0x000000070ce00000| PB 0x000000070ce00000| Untracked 
|  75|0x000000070d000000, 0x000000070d000000, 0x000000070d200000|  0%| F|  |TAMS 0x000000070d000000| PB 0x000000070d000000| Untracked 
|  76|0x000000070d200000, 0x000000070d200000, 0x000000070d400000|  0%| F|  |TAMS 0x000000070d200000| PB 0x000000070d200000| Untracked 
|  77|0x000000070d400000, 0x000000070d400000, 0x000000070d600000|  0%| F|  |TAMS 0x000000070d400000| PB 0x000000070d400000| Untracked 
|  78|0x000000070d600000, 0x000000070d600000, 0x000000070d800000|  0%| F|  |TAMS 0x000000070d600000| PB 0x000000070d600000| Untracked 
|  79|0x000000070d800000, 0x000000070d800000, 0x000000070da00000|  0%| F|  |TAMS 0x000000070d800000| PB 0x000000070d800000| Untracked 
|  80|0x000000070da00000, 0x000000070da00000, 0x000000070dc00000|  0%| F|  |TAMS 0x000000070da00000| PB 0x000000070da00000| Untracked 
|  81|0x000000070dc00000, 0x000000070dc00000, 0x000000070de00000|  0%| F|  |TAMS 0x000000070dc00000| PB 0x000000070dc00000| Untracked 
|  82|0x000000070de00000, 0x000000070de00000, 0x000000070e000000|  0%| F|  |TAMS 0x000000070de00000| PB 0x000000070de00000| Untracked 
|  83|0x000000070e000000, 0x000000070e000000, 0x000000070e200000|  0%| F|  |TAMS 0x000000070e000000| PB 0x000000070e000000| Untracked 
|  84|0x000000070e200000, 0x000000070e200000, 0x000000070e400000|  0%| F|  |TAMS 0x000000070e200000| PB 0x000000070e200000| Untracked 
|  85|0x000000070e400000, 0x000000070e400000, 0x000000070e600000|  0%| F|  |TAMS 0x000000070e400000| PB 0x000000070e400000| Untracked 
|  86|0x000000070e600000, 0x000000070e600000, 0x000000070e800000|  0%| F|  |TAMS 0x000000070e600000| PB 0x000000070e600000| Untracked 
|  87|0x000000070e800000, 0x000000070e800000, 0x000000070ea00000|  0%| F|  |TAMS 0x000000070e800000| PB 0x000000070e800000| Untracked 
|  88|0x000000070ea00000, 0x000000070ea00000, 0x000000070ec00000|  0%| F|  |TAMS 0x000000070ea00000| PB 0x000000070ea00000| Untracked 
|  89|0x000000070ec00000, 0x000000070ec00000, 0x000000070ee00000|  0%| F|  |TAMS 0x000000070ec00000| PB 0x000000070ec00000| Untracked 
|  90|0x000000070ee00000, 0x000000070ee00000, 0x000000070f000000|  0%| F|  |TAMS 0x000000070ee00000| PB 0x000000070ee00000| Untracked 
|  91|0x000000070f000000, 0x000000070f000000, 0x000000070f200000|  0%| F|  |TAMS 0x000000070f000000| PB 0x000000070f000000| Untracked 
|  92|0x000000070f200000, 0x000000070f200000, 0x000000070f400000|  0%| F|  |TAMS 0x000000070f200000| PB 0x000000070f200000| Untracked 
|  93|0x000000070f400000, 0x000000070f400000, 0x000000070f600000|  0%| F|  |TAMS 0x000000070f400000| PB 0x000000070f400000| Untracked 
|  94|0x000000070f600000, 0x000000070f600000, 0x000000070f800000|  0%| F|  |TAMS 0x000000070f600000| PB 0x000000070f600000| Untracked 
|  95|0x000000070f800000, 0x000000070f800000, 0x000000070fa00000|  0%| F|  |TAMS 0x000000070f800000| PB 0x000000070f800000| Untracked 
|  96|0x000000070fa00000, 0x000000070fa00000, 0x000000070fc00000|  0%| F|  |TAMS 0x000000070fa00000| PB 0x000000070fa00000| Untracked 
|  97|0x000000070fc00000, 0x000000070fc00000, 0x000000070fe00000|  0%| F|  |TAMS 0x000000070fc00000| PB 0x000000070fc00000| Untracked 
|  98|0x000000070fe00000, 0x000000070fe00000, 0x0000000710000000|  0%| F|  |TAMS 0x000000070fe00000| PB 0x000000070fe00000| Untracked 
|  99|0x0000000710000000, 0x0000000710000000, 0x0000000710200000|  0%| F|  |TAMS 0x0000000710000000| PB 0x0000000710000000| Untracked 
| 100|0x0000000710200000, 0x0000000710200000, 0x0000000710400000|  0%| F|  |TAMS 0x0000000710200000| PB 0x0000000710200000| Untracked 
| 101|0x0000000710400000, 0x0000000710400000, 0x0000000710600000|  0%| F|  |TAMS 0x0000000710400000| PB 0x0000000710400000| Untracked 
| 102|0x0000000710600000, 0x0000000710600000, 0x0000000710800000|  0%| F|  |TAMS 0x0000000710600000| PB 0x0000000710600000| Untracked 
| 103|0x0000000710800000, 0x0000000710800000, 0x0000000710a00000|  0%| F|  |TAMS 0x0000000710800000| PB 0x0000000710800000| Untracked 
| 104|0x0000000710a00000, 0x0000000710b3e5a0, 0x0000000710c00000| 62%| E|  |TAMS 0x0000000710a00000| PB 0x0000000710a00000| Complete 
| 105|0x0000000710c00000, 0x0000000710e00000, 0x0000000710e00000|100%| E|CS|TAMS 0x0000000710c00000| PB 0x0000000710c00000| Complete 
| 106|0x0000000710e00000, 0x0000000711000000, 0x0000000711000000|100%| E|CS|TAMS 0x0000000710e00000| PB 0x0000000710e00000| Complete 
| 107|0x0000000711000000, 0x0000000711200000, 0x0000000711200000|100%| E|CS|TAMS 0x0000000711000000| PB 0x0000000711000000| Complete 
| 108|0x0000000711200000, 0x0000000711400000, 0x0000000711400000|100%| E|CS|TAMS 0x0000000711200000| PB 0x0000000711200000| Complete 
| 109|0x0000000711400000, 0x00000007115d66c0, 0x0000000711600000| 91%| S|CS|TAMS 0x0000000711400000| PB 0x0000000711400000| Complete 
| 110|0x0000000711600000, 0x0000000711800000, 0x0000000711800000|100%| E|CS|TAMS 0x0000000711600000| PB 0x0000000711600000| Complete 
| 111|0x0000000711800000, 0x0000000711a00000, 0x0000000711a00000|100%| E|CS|TAMS 0x0000000711800000| PB 0x0000000711800000| Complete 
| 112|0x0000000711a00000, 0x0000000711c00000, 0x0000000711c00000|100%| E|CS|TAMS 0x0000000711a00000| PB 0x0000000711a00000| Complete 
| 113|0x0000000711c00000, 0x0000000711e00000, 0x0000000711e00000|100%| E|CS|TAMS 0x0000000711c00000| PB 0x0000000711c00000| Complete 
| 114|0x0000000711e00000, 0x0000000712000000, 0x0000000712000000|100%| E|CS|TAMS 0x0000000711e00000| PB 0x0000000711e00000| Complete 
| 115|0x0000000712000000, 0x0000000712200000, 0x0000000712200000|100%| E|CS|TAMS 0x0000000712000000| PB 0x0000000712000000| Complete 
| 116|0x0000000712200000, 0x0000000712400000, 0x0000000712400000|100%| E|CS|TAMS 0x0000000712200000| PB 0x0000000712200000| Complete 
| 117|0x0000000712400000, 0x0000000712600000, 0x0000000712600000|100%| E|CS|TAMS 0x0000000712400000| PB 0x0000000712400000| Complete 
| 118|0x0000000712600000, 0x0000000712800000, 0x0000000712800000|100%| E|CS|TAMS 0x0000000712600000| PB 0x0000000712600000| Complete 
| 119|0x0000000712800000, 0x0000000712a00000, 0x0000000712a00000|100%| E|CS|TAMS 0x0000000712800000| PB 0x0000000712800000| Complete 
| 120|0x0000000712a00000, 0x0000000712c00000, 0x0000000712c00000|100%| E|CS|TAMS 0x0000000712a00000| PB 0x0000000712a00000| Complete 
| 121|0x0000000712c00000, 0x0000000712e00000, 0x0000000712e00000|100%| E|CS|TAMS 0x0000000712c00000| PB 0x0000000712c00000| Complete 
| 122|0x0000000712e00000, 0x0000000713000000, 0x0000000713000000|100%| E|CS|TAMS 0x0000000712e00000| PB 0x0000000712e00000| Complete 
| 123|0x0000000713000000, 0x0000000713200000, 0x0000000713200000|100%| E|CS|TAMS 0x0000000713000000| PB 0x0000000713000000| Complete 
| 124|0x0000000713200000, 0x0000000713400000, 0x0000000713400000|100%| E|CS|TAMS 0x0000000713200000| PB 0x0000000713200000| Complete 
| 125|0x0000000713400000, 0x0000000713600000, 0x0000000713600000|100%| E|CS|TAMS 0x0000000713400000| PB 0x0000000713400000| Complete 
| 126|0x0000000713600000, 0x0000000713800000, 0x0000000713800000|100%| E|CS|TAMS 0x0000000713600000| PB 0x0000000713600000| Complete 

Card table byte_map: [0x000001cae8cd0000,0x000001cae94c0000] _byte_map_base: 0x000001cae54b3000

Marking Bits: (CMBitMap*) 0x000001cad0d8f300
 Bits: [0x000001cae94c0000, 0x000001caed3d8000)

Polling page: 0x000001cacebc0000

Metaspace:

Usage:
  Non-class:     13.07 MB used.
      Class:      1.73 MB used.
       Both:     14.80 MB used.

Virtual space:
  Non-class space:       64.00 MB reserved,      13.19 MB ( 21%) committed,  1 nodes.
      Class space:        1.00 GB reserved,       1.81 MB ( <1%) committed,  1 nodes.
             Both:        1.06 GB reserved,      15.00 MB (  1%) committed. 

Chunk freelists:
   Non-Class:  2.30 MB
       Class:  14.00 MB
        Both:  16.30 MB

MaxMetaspaceSize: unlimited
CompressedClassSpaceSize: 1.00 GB
Initial GC threshold: 21.00 MB
Current GC threshold: 21.00 MB
CDS: on
 - commit_granule_bytes: 65536.
 - commit_granule_words: 8192.
 - virtual_space_node_default_size: 8388608.
 - enlarge_chunks_in_place: 1.
 - use_allocation_guard: 0.


Internal statistics:

num_allocs_failed_limit: 0.
num_arena_births: 170.
num_arena_deaths: 0.
num_vsnodes_births: 2.
num_vsnodes_deaths: 0.
num_space_committed: 240.
num_space_uncommitted: 0.
num_chunks_returned_to_freelist: 0.
num_chunks_taken_from_freelist: 656.
num_chunk_merges: 0.
num_chunk_splits: 467.
num_chunks_enlarged: 386.
num_inconsistent_stats: 0.

CodeHeap 'non-profiled nmethods': size=120000Kb used=1388Kb max_used=1388Kb free=118612Kb
 bounds [0x000001cae0c80000, 0x000001cae0ef0000, 0x000001cae81b0000]
CodeHeap 'profiled nmethods': size=120000Kb used=6471Kb max_used=6471Kb free=113528Kb
 bounds [0x000001cad91b0000, 0x000001cad9810000, 0x000001cae06e0000]
CodeHeap 'non-nmethods': size=5760Kb used=1397Kb max_used=1459Kb free=4362Kb
 bounds [0x000001cae06e0000, 0x000001cae0950000, 0x000001cae0c80000]
 total_blobs=3749 nmethods=3258 adapters=395
 compilation: enabled
              stopped_count=0, restarted_count=0
 full_count=0

Compilation events (20 events):
Event: 5.491 Thread 0x000001caefe361f0 nmethod 3252 0x000001cae0dd8310 code [0x000001cae0dd84a0, 0x000001cae0dd8570]
Event: 5.491 Thread 0x000001caefe361f0 3253       3       java.util.Optional::isEmpty (13 bytes)
Event: 5.491 Thread 0x000001caefe361f0 nmethod 3253 0x000001cad97fba90 code [0x000001cad97fbc20, 0x000001cad97fbd90]
Event: 5.492 Thread 0x000001caefe361f0 3254       3       java.util.Optional::map (30 bytes)
Event: 5.493 Thread 0x000001caefe361f0 nmethod 3254 0x000001cad97fbe10 code [0x000001cad97fc020, 0x000001cad97fc720]
Event: 5.493 Thread 0x000001caefe361f0 3255       3       java.util.Optional::ifPresent (18 bytes)
Event: 5.493 Thread 0x000001caefe361f0 nmethod 3255 0x000001cad97fc910 code [0x000001cad97fcac0, 0x000001cad97fccd8]
Event: 5.494 Thread 0x000001caefe361f0 3257       3       java.util.LinkedHashMap$LinkedValues::iterator (16 bytes)
Event: 5.494 Thread 0x000001caefe361f0 nmethod 3257 0x000001cad97fcd90 code [0x000001cad97fcf40, 0x000001cad97fd158]
Event: 5.494 Thread 0x000001caefe361f0 3259       3       org.slf4j.impl.SimpleLogger::isLevelEnabled (14 bytes)
Event: 5.494 Thread 0x000001caefe361f0 nmethod 3259 0x000001cad97fd290 code [0x000001cad97fd420, 0x000001cad97fd588]
Event: 5.494 Thread 0x000001caefe361f0 3258       3       java.util.LinkedHashMap$LinkedValueIterator::<init> (7 bytes)
Event: 5.495 Thread 0x000001caefe361f0 nmethod 3258 0x000001cad97fd610 code [0x000001cad97fd7c0, 0x000001cad97fd8f8]
Event: 5.495 Thread 0x000001caefe361f0 3260       3       java.util.Collections::unmodifiableList (51 bytes)
Event: 5.495 Thread 0x000001caefe361f0 nmethod 3260 0x000001cad97fd990 code [0x000001cad97fdbe0, 0x000001cad97fe758]
Event: 5.495 Thread 0x000001caefe361f0 3261   !   3       org.apache.maven.model.DependencyManagement::clone (137 bytes)
Event: 5.497 Thread 0x000001caefe361f0 nmethod 3261 0x000001cad97fea10 code [0x000001cad97fed80, 0x000001cad98002f0]
Event: 5.498 Thread 0x000001caefe323f0 nmethod 3248 0x000001cae0dd8610 code [0x000001cae0dd87c0, 0x000001cae0dd8f18]
Event: 5.499 Thread 0x000001caefe323f0 3251       4       java.lang.String::<init> (74 bytes)
Event: 5.501 Thread 0x000001caefe361f0 3263       3       java.util.StringTokenizer::skipDelimiters (116 bytes)

GC Heap History (4 events):
Event: 2.399 GC heap before
{Heap before GC invocations=0 (full 0):
 garbage-first heap   total 260096K, used 22528K [0x0000000703a00000, 0x0000000800000000)
  region size 2048K, 11 young (22528K), 0 survivors (0K)
 Metaspace       used 5591K, committed 5760K, reserved 1114112K
  class space    used 646K, committed 768K, reserved 1048576K
}
Event: 2.413 GC heap after
{Heap after GC invocations=1 (full 0):
 garbage-first heap   total 260096K, used 4004K [0x0000000703a00000, 0x0000000800000000)
  region size 2048K, 2 young (4096K), 2 survivors (4096K)
 Metaspace       used 5591K, committed 5760K, reserved 1114112K
  class space    used 646K, committed 768K, reserved 1048576K
}
Event: 3.431 GC heap before
{Heap before GC invocations=1 (full 0):
 garbage-first heap   total 260096K, used 34724K [0x0000000703a00000, 0x0000000800000000)
  region size 2048K, 17 young (34816K), 2 survivors (4096K)
 Metaspace       used 9580K, committed 9728K, reserved 1114112K
  class space    used 1127K, committed 1216K, reserved 1048576K
}
Event: 3.442 GC heap after
{Heap after GC invocations=2 (full 0):
 garbage-first heap   total 260096K, used 5486K [0x0000000703a00000, 0x0000000800000000)
  region size 2048K, 1 young (2048K), 1 survivors (2048K)
 Metaspace       used 9580K, committed 9728K, reserved 1114112K
  class space    used 1127K, committed 1216K, reserved 1048576K
}

Dll operation events (8 events):
Event: 0.032 Loaded shared library C:\Program Files\Java\jdk-21\bin\java.dll
Event: 0.144 Loaded shared library C:\Program Files\Java\jdk-21\bin\jsvml.dll
Event: 0.233 Loaded shared library C:\Program Files\Java\jdk-21\bin\net.dll
Event: 0.242 Loaded shared library C:\Program Files\Java\jdk-21\bin\nio.dll
Event: 0.261 Loaded shared library C:\Program Files\Java\jdk-21\bin\zip.dll
Event: 0.911 Loaded shared library C:\Program Files\Java\jdk-21\bin\jimage.dll
Event: 0.917 Loaded shared library C:\Users\hamza\Downloads\apache-maven-3.9.11\lib\jansi-native\Windows\x86_64\jansi.dll
Event: 0.978 Loaded shared library C:\Program Files\Java\jdk-21\bin\verify.dll

Deoptimization events (20 events):
Event: 5.253 Thread 0x000001cad0d29390 Uncommon trap: trap_request=0xffffff45 fr.pc=0x000001cae0cc3770 relative=0x00000000000001d0
Event: 5.253 Thread 0x000001cad0d29390 Uncommon trap: reason=unstable_if action=reinterpret pc=0x000001cae0cc3770 method=java.lang.String.indexOf(II)I @ 4 c2
Event: 5.253 Thread 0x000001cad0d29390 DEOPT PACKING pc=0x000001cae0cc3770 sp=0x00000001006fdf00
Event: 5.253 Thread 0x000001cad0d29390 DEOPT UNPACKING pc=0x000001cae07346a2 sp=0x00000001006fde30 mode 2
Event: 5.253 Thread 0x000001cad0d29390 Uncommon trap: trap_request=0xffffff45 fr.pc=0x000001cae0cbbfd0 relative=0x0000000000000670
Event: 5.253 Thread 0x000001cad0d29390 Uncommon trap: reason=unstable_if action=reinterpret pc=0x000001cae0cbbfd0 method=java.lang.String.substring(II)Ljava/lang/String; @ 31 c2
Event: 5.253 Thread 0x000001cad0d29390 DEOPT PACKING pc=0x000001cae0cbbfd0 sp=0x00000001006fdea0
Event: 5.253 Thread 0x000001cad0d29390 DEOPT UNPACKING pc=0x000001cae07346a2 sp=0x00000001006fde70 mode 2
Event: 5.253 Thread 0x000001cad0d29390 Uncommon trap: trap_request=0xffffff45 fr.pc=0x000001cae0da3e30 relative=0x0000000000000410
Event: 5.253 Thread 0x000001cad0d29390 Uncommon trap: reason=unstable_if action=reinterpret pc=0x000001cae0da3e30 method=java.lang.StringUTF16.compress([CII)[B @ 13 c2
Event: 5.253 Thread 0x000001cad0d29390 DEOPT PACKING pc=0x000001cae0da3e30 sp=0x00000001006fdd40
Event: 5.253 Thread 0x000001cad0d29390 DEOPT UNPACKING pc=0x000001cae07346a2 sp=0x00000001006fdc80 mode 2
Event: 5.452 Thread 0x000001cad0d29390 Uncommon trap: trap_request=0xffffff45 fr.pc=0x000001cae0c8c9a0 relative=0x0000000000000200
Event: 5.452 Thread 0x000001cad0d29390 Uncommon trap: reason=unstable_if action=reinterpret pc=0x000001cae0c8c9a0 method=java.lang.String.indexOf(II)I @ 4 c2
Event: 5.452 Thread 0x000001cad0d29390 DEOPT PACKING pc=0x000001cae0c8c9a0 sp=0x00000001006fe040
Event: 5.452 Thread 0x000001cad0d29390 DEOPT UNPACKING pc=0x000001cae07346a2 sp=0x00000001006fdfc8 mode 2
Event: 5.453 Thread 0x000001cad0d29390 Uncommon trap: trap_request=0xffffff45 fr.pc=0x000001cae0d01148 relative=0x0000000000000228
Event: 5.453 Thread 0x000001cad0d29390 Uncommon trap: reason=unstable_if action=reinterpret pc=0x000001cae0d01148 method=java.lang.StringUTF16.compress([CII)[B @ 13 c2
Event: 5.453 Thread 0x000001cad0d29390 DEOPT PACKING pc=0x000001cae0d01148 sp=0x00000001006fdf60
Event: 5.453 Thread 0x000001cad0d29390 DEOPT UNPACKING pc=0x000001cae07346a2 sp=0x00000001006fdee8 mode 2

Classes loaded (20 events):
Event: 4.881 Loading class java/nio/channels/spi/AbstractInterruptibleChannel$1
Event: 4.881 Loading class sun/nio/ch/Interruptible
Event: 4.881 Loading class sun/nio/ch/Interruptible done
Event: 4.882 Loading class java/nio/channels/spi/AbstractInterruptibleChannel$1 done
Event: 4.882 Loading class java/util/AbstractMap$2
Event: 4.883 Loading class java/util/AbstractMap$2 done
Event: 4.883 Loading class java/util/AbstractMap$2$1
Event: 4.883 Loading class java/util/AbstractMap$2$1 done
Event: 4.943 Loading class sun/util/resources/LocaleData$CommonResourceBundleProvider
Event: 4.943 Loading class sun/util/resources/LocaleData$LocaleDataResourceBundleProvider
Event: 4.944 Loading class java/util/spi/ResourceBundleProvider
Event: 4.944 Loading class java/util/spi/ResourceBundleProvider done
Event: 4.944 Loading class sun/util/resources/LocaleData$LocaleDataResourceBundleProvider done
Event: 4.944 Loading class sun/util/resources/LocaleData$CommonResourceBundleProvider done
Event: 4.944 Loading class sun/util/resources/Bundles$2
Event: 4.945 Loading class sun/util/resources/Bundles$2 done
Event: 4.991 Loading class java/util/StringTokenizer
Event: 4.991 Loading class java/util/StringTokenizer done
Event: 5.093 Loading class java/util/stream/Streams$RangeIntSpliterator
Event: 5.093 Loading class java/util/stream/Streams$RangeIntSpliterator done

Classes unloaded (0 events):
No events

Classes redefined (0 events):
No events

Internal exceptions (20 events):
Event: 3.757 Thread 0x000001cad0d29390 Exception <a 'java/lang/ExceptionInInitializerError'{0x00000007133e6148}> (0x00000007133e6148) 
thrown [s\open\src\hotspot\share\oops\instanceKlass.cpp, line 1192]
Event: 3.792 Thread 0x000001cad0d29390 Exception <a 'java/lang/NoSuchMethodError'{0x000000071304ffe8}: 'long java.lang.invoke.DirectMethodHandle$Holder.invokeStatic(java.lang.Object, java.lang.Object, int)'> (0x000000071304ffe8) 
thrown [s\open\src\hotspot\share\interpreter\linkResolver.cpp, line 773]
Event: 3.796 Thread 0x000001cad0d29390 Exception <a 'java/lang/NoSuchMethodError'{0x00000007130630c0}: 'java.lang.Object java.lang.invoke.DirectMethodHandle$Holder.invokeStatic(java.lang.Object, java.lang.Object, java.lang.Object, java.lang.Object, int)'> (0x00000007130630c0) 
thrown [s\open\src\hotspot\share\interpreter\linkResolver.cpp, line 773]
Event: 3.799 Thread 0x000001cad0d29390 Exception <a 'java/lang/NoSuchMethodError'{0x000000071306aff8}: 'java.lang.Object java.lang.invoke.DirectMethodHandle$Holder.invokeSpecial(java.lang.Object, java.lang.Object, java.lang.Object, java.lang.Object, long)'> (0x000000071306aff8) 
thrown [s\open\src\hotspot\share\interpreter\linkResolver.cpp, line 773]
Event: 3.802 Thread 0x000001cad0d29390 Exception <a 'java/lang/NoSuchMethodError'{0x0000000713076b18}: 'java.lang.Object java.lang.invoke.DirectMethodHandle$Holder.invokeSpecial(java.lang.Object, java.lang.Object, java.lang.Object, int, java.lang.Object)'> (0x0000000713076b18) 
thrown [s\open\src\hotspot\share\interpreter\linkResolver.cpp, line 773]
Event: 3.804 Thread 0x000001cad0d29390 Exception <a 'java/lang/NoSuchMethodError'{0x000000071307eec0}: 'int java.lang.invoke.DirectMethodHandle$Holder.invokeSpecial(java.lang.Object, java.lang.Object, java.lang.Object, int)'> (0x000000071307eec0) 
thrown [s\open\src\hotspot\share\interpreter\linkResolver.cpp, line 773]
Event: 3.815 Thread 0x000001cad0d29390 Implicit null exception at 0x000001cae0d075c0 to 0x000001cae0d077c4
Event: 3.823 Thread 0x000001cad0d29390 Exception <a 'java/lang/NoSuchMethodError'{0x00000007130a41f8}: 'java.lang.Object java.lang.invoke.Invokers$Holder.invokeExact_MT(java.lang.Object, int, java.lang.Object)'> (0x00000007130a41f8) 
thrown [s\open\src\hotspot\share\interpreter\linkResolver.cpp, line 773]
Event: 4.273 Thread 0x000001cad0d29390 Exception <a 'java/lang/NoSuchMethodError'{0x000000071288bbd8}: 'void java.lang.invoke.Invokers$Holder.invokeExact_MT(java.lang.Object, java.lang.Object, java.lang.Object, java.lang.Object)'> (0x000000071288bbd8) 
thrown [s\open\src\hotspot\share\interpreter\linkResolver.cpp, line 773]
Event: 4.320 Thread 0x000001cad0d29390 Exception <a 'java/lang/NoClassDefFoundError'{0x0000000712919dc0}: com/google/inject/servlet/ServletModuleTargetVisitor> (0x0000000712919dc0) 
thrown [s\open\src\hotspot\share\classfile\systemDictionary.cpp, line 301]
Event: 4.455 Thread 0x000001cad0d29390 Exception <a 'java/lang/NoSuchMethodError'{0x00000007126dd418}: 'void java.lang.invoke.DirectMethodHandle$Holder.invokeVirtual(java.lang.Object, java.lang.Object)'> (0x00000007126dd418) 
thrown [s\open\src\hotspot\share\interpreter\linkResolver.cpp, line 773]
Event: 4.564 Thread 0x000001cad0d29390 Exception <a 'java/lang/NoSuchMethodError'{0x000000071275cb90}: 'java.lang.Object java.lang.invoke.DirectMethodHandle$Holder.invokeStaticInit(java.lang.Object, int, int, int, int)'> (0x000000071275cb90) 
thrown [s\open\src\hotspot\share\interpreter\linkResolver.cpp, line 773]
Event: 4.838 Thread 0x000001cad0d29390 Implicit null exception at 0x000001cae0cadba4 to 0x000001cae0cae23c
Event: 4.838 Thread 0x000001cad0d29390 Implicit null exception at 0x000001cae0cafca0 to 0x000001cae0cb033c
Event: 4.893 Thread 0x000001cad0d29390 Exception <a 'java/lang/NoSuchMethodError'{0x000000071209d658}: 'void java.lang.invoke.DirectMethodHandle$Holder.invokeSpecial(java.lang.Object, java.lang.Object, java.lang.Object, java.lang.Object, java.lang.Object)'> (0x000000071209d658) 
thrown [s\open\src\hotspot\share\interpreter\linkResolver.cpp, line 773]
Event: 4.896 Thread 0x000001cad0d29390 Exception <a 'java/lang/NoSuchMethodError'{0x00000007120b3810}: 'void java.lang.invoke.DirectMethodHandle$Holder.invokeSpecial(java.lang.Object, java.lang.Object, java.lang.Object, java.lang.Object, java.lang.Object, java.lang.Object)'> (0x00000007120b3810) 
thrown [s\open\src\hotspot\share\interpreter\linkResolver.cpp, line 773]
Event: 4.915 Thread 0x000001cad0d29390 Exception <a 'java/lang/NoSuchMethodError'{0x00000007121a88a0}: 'java.lang.Object java.lang.invoke.DirectMethodHandle$Holder.invokeVirtual(java.lang.Object, java.lang.Object, java.lang.Object)'> (0x00000007121a88a0) 
thrown [s\open\src\hotspot\share\interpreter\linkResolver.cpp, line 773]
Event: 5.004 Thread 0x000001cad0d29390 Exception <a 'java/lang/NoSuchMethodError'{0x0000000711f87c58}: 'void java.lang.invoke.DirectMethodHandle$Holder.invokeVirtual(java.lang.Object, java.lang.Object, int)'> (0x0000000711f87c58) 
thrown [s\open\src\hotspot\share\interpreter\linkResolver.cpp, line 773]
Event: 5.004 Thread 0x000001cad0d29390 Exception <a 'java/lang/NoSuchMethodError'{0x0000000711f8ba08}: 'void java.lang.invoke.DirectMethodHandle$Holder.invokeSpecial(java.lang.Object, java.lang.Object, java.lang.Object, int)'> (0x0000000711f8ba08) 
thrown [s\open\src\hotspot\share\interpreter\linkResolver.cpp, line 773]
Event: 5.005 Thread 0x000001cad0d29390 Exception <a 'java/lang/NoSuchMethodError'{0x0000000711f8f0d8}: 'void java.lang.invoke.DelegatingMethodHandle$Holder.reinvoke_L(java.lang.Object, java.lang.Object, int)'> (0x0000000711f8f0d8) 
thrown [s\open\src\hotspot\share\interpreter\linkResolver.cpp, line 773]

ZGC Phase Switch (0 events):
No events

VM Operations (20 events):
Event: 4.003 Executing VM operation: HandshakeAllThreads (Deoptimize)
Event: 4.003 Executing VM operation: HandshakeAllThreads (Deoptimize) done
Event: 4.038 Executing VM operation: ICBufferFull
Event: 4.038 Executing VM operation: ICBufferFull done
Event: 4.265 Executing VM operation: HandshakeAllThreads (Deoptimize)
Event: 4.265 Executing VM operation: HandshakeAllThreads (Deoptimize) done
Event: 4.484 Executing VM operation: HandshakeAllThreads (Deoptimize)
Event: 4.484 Executing VM operation: HandshakeAllThreads (Deoptimize) done
Event: 4.597 Executing VM operation: HandshakeAllThreads (Deoptimize)
Event: 4.597 Executing VM operation: HandshakeAllThreads (Deoptimize) done
Event: 4.670 Executing VM operation: HandshakeAllThreads (Deoptimize)
Event: 4.670 Executing VM operation: HandshakeAllThreads (Deoptimize) done
Event: 4.763 Executing VM operation: HandshakeAllThreads (Deoptimize)
Event: 4.763 Executing VM operation: HandshakeAllThreads (Deoptimize) done
Event: 4.765 Executing VM operation: HandshakeAllThreads (Deoptimize)
Event: 4.765 Executing VM operation: HandshakeAllThreads (Deoptimize) done
Event: 4.819 Executing VM operation: ICBufferFull
Event: 4.820 Executing VM operation: ICBufferFull done
Event: 5.359 Executing VM operation: ICBufferFull
Event: 5.359 Executing VM operation: ICBufferFull done

Events (20 events):
Event: 0.134 Thread 0x000001caefe1d7a0 Thread added: 0x000001caefe1d7a0
Event: 0.136 Thread 0x000001caefe22230 Thread added: 0x000001caefe22230
Event: 0.136 Thread 0x000001caefe22c40 Thread added: 0x000001caefe22c40
Event: 0.136 Thread 0x000001caefe2f2c0 Thread added: 0x000001caefe2f2c0
Event: 0.137 Thread 0x000001caefe31a60 Thread added: 0x000001caefe31a60
Event: 0.137 Thread 0x000001caefe323f0 Thread added: 0x000001caefe323f0
Event: 0.137 Thread 0x000001caefe361f0 Thread added: 0x000001caefe361f0
Event: 0.207 Thread 0x000001caf4172200 Thread added: 0x000001caf4172200
Event: 0.219 Thread 0x000001caf4185710 Thread added: 0x000001caf4185710
Event: 0.906 Thread 0x000001caf43f70e0 Thread added: 0x000001caf43f70e0
Event: 0.931 Thread 0x000001caf43f70e0 Thread exited: 0x000001caf43f70e0
Event: 1.380 Thread 0x000001caf45cbf50 Thread added: 0x000001caf45cbf50
Event: 1.746 Thread 0x000001caf45cbf50 Thread exited: 0x000001caf45cbf50
Event: 2.309 Thread 0x000001caf4b76120 Thread added: 0x000001caf4b76120
Event: 2.336 Thread 0x000001caf4ab0320 Thread added: 0x000001caf4ab0320
Event: 3.149 Thread 0x000001caf4ab0320 Thread exited: 0x000001caf4ab0320
Event: 3.755 Thread 0x000001caf4b76120 Thread exited: 0x000001caf4b76120
Event: 3.928 Thread 0x000001caf4f27ab0 Thread added: 0x000001caf4f27ab0
Event: 4.698 Thread 0x000001caf53e1190 Thread added: 0x000001caf53e1190
Event: 5.135 Thread 0x000001caf54f19b0 Thread added: 0x000001caf54f19b0


Dynamic libraries:
0x00007ff6e47e0000 - 0x00007ff6e47f0000 	C:\Program Files\Java\jdk-21\bin\java.exe
0x00007ffdef680000 - 0x00007ffdef8e7000 	C:\WINDOWS\SYSTEM32\ntdll.dll
0x00007ffdee980000 - 0x00007ffdeea49000 	C:\WINDOWS\System32\KERNEL32.DLL
0x00007ffdecb70000 - 0x00007ffdecf5f000 	C:\WINDOWS\System32\KERNELBASE.dll
0x00007ffded220000 - 0x00007ffded36b000 	C:\WINDOWS\System32\ucrtbase.dll
0x00007ffdbd250000 - 0x00007ffdbd26b000 	C:\Program Files\Java\jdk-21\bin\VCRUNTIME140.dll
0x00007ffdbb010000 - 0x00007ffdbb029000 	C:\Program Files\Java\jdk-21\bin\jli.dll
0x00007ffdee1c0000 - 0x00007ffdee274000 	C:\WINDOWS\System32\ADVAPI32.dll
0x00007ffded4d0000 - 0x00007ffded579000 	C:\WINDOWS\System32\msvcrt.dll
0x00007ffded580000 - 0x00007ffded626000 	C:\WINDOWS\System32\sechost.dll
0x00007ffdedc10000 - 0x00007ffdedd28000 	C:\WINDOWS\System32\RPCRT4.dll
0x00007ffdee430000 - 0x00007ffdee5f5000 	C:\WINDOWS\System32\USER32.dll
0x00007ffded160000 - 0x00007ffded187000 	C:\WINDOWS\System32\win32u.dll
0x00007ffdcd440000 - 0x00007ffdcd6d3000 	C:\WINDOWS\WinSxS\amd64_microsoft.windows.common-controls_6595b64144ccf1df_6.0.26100.7309_none_3e05feeae336a044\COMCTL32.dll
0x00007ffded420000 - 0x00007ffded44b000 	C:\WINDOWS\System32\GDI32.dll
0x00007ffdecf70000 - 0x00007ffded09c000 	C:\WINDOWS\System32\gdi32full.dll
0x00007ffded370000 - 0x00007ffded413000 	C:\WINDOWS\System32\msvcp_win.dll
0x00007ffddb150000 - 0x00007ffddb15b000 	C:\WINDOWS\SYSTEM32\VERSION.dll
0x00007ffdee600000 - 0x00007ffdee631000 	C:\WINDOWS\System32\IMM32.DLL
0x00007ffdbe130000 - 0x00007ffdbe13c000 	C:\Program Files\Java\jdk-21\bin\vcruntime140_1.dll
0x00007ffdad6f0000 - 0x00007ffdad77e000 	C:\Program Files\Java\jdk-21\bin\msvcp140.dll
0x00007ffd415d0000 - 0x00007ffd422e8000 	C:\Program Files\Java\jdk-21\bin\server\jvm.dll
0x00007ffded630000 - 0x00007ffded6a4000 	C:\WINDOWS\System32\WS2_32.dll
0x00007ffdec630000 - 0x00007ffdec68e000 	C:\WINDOWS\SYSTEM32\POWRPROF.dll
0x00007ffdc7980000 - 0x00007ffdc79b5000 	C:\WINDOWS\SYSTEM32\WINMM.dll
0x00007ffdec610000 - 0x00007ffdec624000 	C:\WINDOWS\SYSTEM32\UMPDC.dll
0x00007ffdeb540000 - 0x00007ffdeb55b000 	C:\WINDOWS\SYSTEM32\kernel.appcore.dll
0x00007ffdbdf40000 - 0x00007ffdbdf4a000 	C:\Program Files\Java\jdk-21\bin\jimage.dll
0x00007ffde9dd0000 - 0x00007ffdea012000 	C:\WINDOWS\SYSTEM32\DBGHELP.DLL
0x00007ffded780000 - 0x00007ffdedb05000 	C:\WINDOWS\System32\combase.dll
0x00007ffdee320000 - 0x00007ffdee3f6000 	C:\WINDOWS\System32\OLEAUT32.dll
0x00007ffdc3250000 - 0x00007ffdc328c000 	C:\WINDOWS\SYSTEM32\dbgcore.DLL
0x00007ffdecac0000 - 0x00007ffdecb65000 	C:\WINDOWS\System32\bcryptPrimitives.dll
0x00007ffdbaff0000 - 0x00007ffdbb00f000 	C:\Program Files\Java\jdk-21\bin\java.dll
0x00007ffdeed00000 - 0x00007ffdef453000 	C:\WINDOWS\System32\SHELL32.dll
0x00007ffdec950000 - 0x00007ffdecaba000 	C:\WINDOWS\System32\wintypes.dll
0x00007ffdea390000 - 0x00007ffdeabee000 	C:\WINDOWS\SYSTEM32\windows.storage.dll
0x00007ffdedb10000 - 0x00007ffdedc05000 	C:\WINDOWS\System32\SHCORE.dll
0x00007ffdee6f0000 - 0x00007ffdee756000 	C:\WINDOWS\System32\shlwapi.dll
0x00007ffdec6f0000 - 0x00007ffdec719000 	C:\WINDOWS\SYSTEM32\profapi.dll
0x00007ffd89a80000 - 0x00007ffd89b57000 	C:\Program Files\Java\jdk-21\bin\jsvml.dll
0x00007ffdbd8f0000 - 0x00007ffdbd900000 	C:\Program Files\Java\jdk-21\bin\net.dll
0x00007ffddd360000 - 0x00007ffddd488000 	C:\WINDOWS\SYSTEM32\WINHTTP.dll
0x00007ffdeba90000 - 0x00007ffdebafb000 	C:\WINDOWS\system32\mswsock.dll
0x00007ffdbafd0000 - 0x00007ffdbafe6000 	C:\Program Files\Java\jdk-21\bin\nio.dll
0x00007ffdbaf90000 - 0x00007ffdbafa8000 	C:\Program Files\Java\jdk-21\bin\zip.dll
0x00007ffdbaf60000 - 0x00007ffdbaf84000 	C:\Users\hamza\Downloads\apache-maven-3.9.11\lib\jansi-native\Windows\x86_64\jansi.dll
0x00007ffdbcfe0000 - 0x00007ffdbcff0000 	C:\Program Files\Java\jdk-21\bin\verify.dll

dbghelp: loaded successfully - version: 4.0.5 - missing functions: none
symbol engine: initialized successfully - sym options: 0x614 - pdb path: .;C:\Program Files\Java\jdk-21\bin;C:\WINDOWS\SYSTEM32;C:\WINDOWS\WinSxS\amd64_microsoft.windows.common-controls_6595b64144ccf1df_6.0.26100.7309_none_3e05feeae336a044;C:\Program Files\Java\jdk-21\bin\server;C:\Users\hamza\Downloads\apache-maven-3.9.11\lib\jansi-native\Windows\x86_64

VM Arguments:
jvm_args: --enable-native-access=ALL-UNNAMED -Dclassworlds.conf=C:\Users\hamza\Downloads\apache-maven-3.9.11\bin\m2.conf -Dmaven.home=C:\Users\hamza\Downloads\apache-maven-3.9.11 -Dlibrary.jansi.path=C:\Users\hamza\Downloads\apache-maven-3.9.11\lib\jansi-native -Dmaven.multiModuleProjectDirectory=C:\Users\hamza\IdeaProjects\Badger\app\services\tp-orchestration\membership 
java_command: org.codehaus.plexus.classworlds.launcher.Launcher clean spring-boot:run
java_class_path (initial): C:\Users\hamza\Downloads\apache-maven-3.9.11\boot\plexus-classworlds-2.9.0.jar
Launcher Type: SUN_STANDARD

[Global flags]
     intx CICompilerCount                          = 4                                         {product} {ergonomic}
     uint ConcGCThreads                            = 2                                         {product} {ergonomic}
     uint G1ConcRefinementThreads                  = 8                                         {product} {ergonomic}
   size_t G1HeapRegionSize                         = 2097152                                   {product} {ergonomic}
    uintx GCDrainStackTargetSize                   = 64                                        {product} {ergonomic}
   size_t InitialHeapSize                          = 266338304                                 {product} {ergonomic}
   size_t MarkStackSize                            = 4194304                                   {product} {ergonomic}
   size_t MaxHeapSize                              = 4234149888                                {product} {ergonomic}
   size_t MaxNewSize                               = 2539651072                                {product} {ergonomic}
   size_t MinHeapDeltaBytes                        = 2097152                                   {product} {ergonomic}
   size_t MinHeapSize                              = 8388608                                   {product} {ergonomic}
    uintx NonNMethodCodeHeapSize                   = 5839372                                {pd product} {ergonomic}
    uintx NonProfiledCodeHeapSize                  = 122909434                              {pd product} {ergonomic}
    uintx ProfiledCodeHeapSize                     = 122909434                              {pd product} {ergonomic}
    uintx ReservedCodeCacheSize                    = 251658240                              {pd product} {ergonomic}
     bool SegmentedCodeCache                       = true                                      {product} {ergonomic}
   size_t SoftMaxHeapSize                          = 4234149888                             {manageable} {ergonomic}
     bool UseCompressedOops                        = true                           {product lp64_product} {ergonomic}
     bool UseG1GC                                  = true                                      {product} {ergonomic}
     bool UseLargePagesIndividualAllocation        = false                                  {pd product} {ergonomic}

Logging:
Log output configuration:
 #0: stdout all=warning uptime,level,tags foldmultilines=false
 #1: stderr all=off uptime,level,tags foldmultilines=false

Environment Variables:
PATH=C:\Program Files\Common Files\Oracle\Java\javapath;C:\WINDOWS\system32;C:\WINDOWS;C:\WINDOWS\System32\Wbem;C:\WINDOWS\System32\WindowsPowerShell\v1.0\;C:\WINDOWS\System32\OpenSSH\;C:\Program Files\Java\jdk-21\bin;C:\Program Files\MySQL\MySQL Server 8.0\bin;C:\Program Files\Git\cmd;C:\Program Files\nodejs\;C:\Program Files\dotnet\;C:\Users\hamza\Downloads\apache-maven-3.9.11\bin;C:\ProgramData\chocolatey\bin;C:\Program Files\Docker\Docker\resources\bin;C:\Users\hamza\AppData\Local\Programs\Python\Launcher\;C:\Users\hamza\AppData\Local\Microsoft\WindowsApps;C:\Program Files\JetBrains\IntelliJ IDEA 2024.2.4\bin;C:\Program Files\Docker\Docker\resources\bin;;C:\Users\hamza\AppData\Local\Programs\Microsoft VS Code\bin;C:\Users\hamza\AppData\Roaming\npm;C:\Program Files\nodejs;C:\Users\hamza\Downloads\apache-tomcat-9.0.98-windows-x64\apache-tomcat-9.0.98\bin;C:\Program Files\PostgreSQL\17\bin;
USERNAME=hamza
OS=Windows_NT
PROCESSOR_IDENTIFIER=Intel64 Family 6 Model 142 Stepping 12, GenuineIntel
TMP=C:\Users\hamza\AppData\Local\Temp
TEMP=C:\Users\hamza\AppData\Local\Temp




Periodic native trim disabled

---------------  S Y S T E M  ---------------

OS:
 Windows 11 , 64 bit Build 26100 (10.0.26100.7309)
OS uptime: 18 days 16:58 hours
Hyper-V role detected

CPU: total 8 (initial active 8) (4 cores per cpu, 2 threads per core) family 6 model 142 stepping 12 microcode 0xfc, cx8, cmov, fxsr, ht, mmx, 3dnowpref, sse, sse2, sse3, ssse3, sse4.1, sse4.2, popcnt, lzcnt, tsc, tscinvbit, avx, avx2, aes, erms, clmul, bmi1, bmi2, adx, fma, vzeroupper, clflush, clflushopt, hv, rdtscp, f16c
Processor Information for processor 0
  Max Mhz: 2112, Current Mhz: 1609, Mhz Limit: 1605
Processor Information for processor 1
  Max Mhz: 2112, Current Mhz: 1508, Mhz Limit: 1605
Processor Information for processor 2
  Max Mhz: 2112, Current Mhz: 1609, Mhz Limit: 1605
Processor Information for processor 3
  Max Mhz: 2112, Current Mhz: 1508, Mhz Limit: 1605
Processor Information for processor 4
  Max Mhz: 2112, Current Mhz: 1609, Mhz Limit: 1605
Processor Information for processor 5
  Max Mhz: 2112, Current Mhz: 1609, Mhz Limit: 1605
Processor Information for processor 6
  Max Mhz: 2112, Current Mhz: 1609, Mhz Limit: 1605
Processor Information for processor 7
  Max Mhz: 2112, Current Mhz: 1508, Mhz Limit: 1605

Memory: 4k page, system-wide physical 16144M (3736M free)
TotalPageFile size 19461M (AvailPageFile size 0M)
current process WorkingSet (physical memory assigned to process): 126M, peak: 126M
current process commit charge ("private bytes"): 373M, peak: 380M

vm_info: Java HotSpot(TM) 64-Bit Server VM (21.0.5+9-LTS-239) for windows-amd64 JRE (21.0.5+9-LTS-239), built on 2024-09-30T05:17:38Z by "mach5one" with MS VC++ 17.6 (VS2022)

END.
